

================================================================
== Vivado HLS Report for 'getClustersInTower'
================================================================
* Date:           Sun Jan 20 19:47:00 2019

* Version:        2018.2 (Build 2258646 on Thu Jun 14 20:25:20 MDT 2018)
* Project:        proj
* Solution:       solution1
* Product family: virtex7
* Target device:  xc7vx690tffg1927-2


================================================================
== Performance Estimates
================================================================
+ Timing (ns): 
    * Summary: 
    +--------+-------+----------+------------+
    |  Clock | Target| Estimated| Uncertainty|
    +--------+-------+----------+------------+
    |ap_clk  |   8.33|     6.123|        1.04|
    +--------+-------+----------+------------+

+ Latency (clock cycles): 
    * Summary: 
    +-----+-----+-----+-----+----------+
    |  Latency  |  Interval | Pipeline |
    | min | max | min | max |   Type   |
    +-----+-----+-----+-----+----------+
    |    3|    3|    1|    1| function |
    +-----+-----+-----+-----+----------+

    + Detail: 
        * Instance: 
        N/A

        * Loop: 
        N/A

============================================================
+ Verbose Summary: Synthesis Manager
============================================================
InlineROM: 1
ExposeGlobal: 0
============================================================
+ Verbose Summary: CDFG Model
============================================================
IsTopModel: 0
ResetActiveHigh: 1
IsCombinational: 0
IsDatapathOnly: 0
HasWiredReturn: 1
HasMFsm: 2
HasVarLatency: 0
IsPipeline: 1
IsRtlPipelined: 1
IsInstanceOverlapped: 0
IsDontTouch: 0
HasImplIP: 0
IsGatedGlobalClock: 0

+ Individual pipeline summary: 
  * Pipeline-0: initiation interval (II) = 1, depth = 4


============================================================
+ Verbose Summary: Schedule
============================================================
* Number of FSM states : 4
* Pipeline : 1
  Pipeline-0 : II = 1, D = 4, States = { 1 2 3 4 }
* Dataflow Pipeline: 0

* FSM state transitions: 
1 --> 
	2  / true
2 --> 
	3  / true
3 --> 
	4  / true
4 --> 

* FSM state operations: 

State 1 <SV = 0> <Delay = 4.08>
ST_1 : Operation 5 [1/1] (0.00ns)   --->   "%crystals_4_4_read_1 = call i16 @_ssdm_op_Read.ap_auto.i16(i16 %crystals_4_4_read)"   --->   Operation 5 'read' 'crystals_4_4_read_1' <Predicate = true> <Delay = 0.00>
ST_1 : Operation 6 [1/1] (0.00ns)   --->   "%crystals_4_3_read_1 = call i16 @_ssdm_op_Read.ap_auto.i16(i16 %crystals_4_3_read)"   --->   Operation 6 'read' 'crystals_4_3_read_1' <Predicate = true> <Delay = 0.00>
ST_1 : Operation 7 [1/1] (0.00ns)   --->   "%crystals_4_2_read_1 = call i16 @_ssdm_op_Read.ap_auto.i16(i16 %crystals_4_2_read)"   --->   Operation 7 'read' 'crystals_4_2_read_1' <Predicate = true> <Delay = 0.00>
ST_1 : Operation 8 [1/1] (0.00ns)   --->   "%crystals_4_1_read_1 = call i16 @_ssdm_op_Read.ap_auto.i16(i16 %crystals_4_1_read)"   --->   Operation 8 'read' 'crystals_4_1_read_1' <Predicate = true> <Delay = 0.00>
ST_1 : Operation 9 [1/1] (0.00ns)   --->   "%crystals_4_0_read_1 = call i16 @_ssdm_op_Read.ap_auto.i16(i16 %crystals_4_0_read)"   --->   Operation 9 'read' 'crystals_4_0_read_1' <Predicate = true> <Delay = 0.00>
ST_1 : Operation 10 [1/1] (0.00ns)   --->   "%crystals_3_4_read_1 = call i16 @_ssdm_op_Read.ap_auto.i16(i16 %crystals_3_4_read)"   --->   Operation 10 'read' 'crystals_3_4_read_1' <Predicate = true> <Delay = 0.00>
ST_1 : Operation 11 [1/1] (0.00ns)   --->   "%crystals_3_3_read_1 = call i16 @_ssdm_op_Read.ap_auto.i16(i16 %crystals_3_3_read)"   --->   Operation 11 'read' 'crystals_3_3_read_1' <Predicate = true> <Delay = 0.00>
ST_1 : Operation 12 [1/1] (0.00ns)   --->   "%crystals_3_2_read_1 = call i16 @_ssdm_op_Read.ap_auto.i16(i16 %crystals_3_2_read)"   --->   Operation 12 'read' 'crystals_3_2_read_1' <Predicate = true> <Delay = 0.00>
ST_1 : Operation 13 [1/1] (0.00ns)   --->   "%crystals_3_1_read_1 = call i16 @_ssdm_op_Read.ap_auto.i16(i16 %crystals_3_1_read)"   --->   Operation 13 'read' 'crystals_3_1_read_1' <Predicate = true> <Delay = 0.00>
ST_1 : Operation 14 [1/1] (0.00ns)   --->   "%crystals_3_0_read_1 = call i16 @_ssdm_op_Read.ap_auto.i16(i16 %crystals_3_0_read)"   --->   Operation 14 'read' 'crystals_3_0_read_1' <Predicate = true> <Delay = 0.00>
ST_1 : Operation 15 [1/1] (0.00ns)   --->   "%crystals_2_4_read_1 = call i16 @_ssdm_op_Read.ap_auto.i16(i16 %crystals_2_4_read)"   --->   Operation 15 'read' 'crystals_2_4_read_1' <Predicate = true> <Delay = 0.00>
ST_1 : Operation 16 [1/1] (0.00ns)   --->   "%crystals_2_3_read_1 = call i16 @_ssdm_op_Read.ap_auto.i16(i16 %crystals_2_3_read)"   --->   Operation 16 'read' 'crystals_2_3_read_1' <Predicate = true> <Delay = 0.00>
ST_1 : Operation 17 [1/1] (0.00ns)   --->   "%crystals_2_2_read_1 = call i16 @_ssdm_op_Read.ap_auto.i16(i16 %crystals_2_2_read)"   --->   Operation 17 'read' 'crystals_2_2_read_1' <Predicate = true> <Delay = 0.00>
ST_1 : Operation 18 [1/1] (0.00ns)   --->   "%crystals_2_1_read_1 = call i16 @_ssdm_op_Read.ap_auto.i16(i16 %crystals_2_1_read)"   --->   Operation 18 'read' 'crystals_2_1_read_1' <Predicate = true> <Delay = 0.00>
ST_1 : Operation 19 [1/1] (0.00ns)   --->   "%crystals_2_0_read_1 = call i16 @_ssdm_op_Read.ap_auto.i16(i16 %crystals_2_0_read)"   --->   Operation 19 'read' 'crystals_2_0_read_1' <Predicate = true> <Delay = 0.00>
ST_1 : Operation 20 [1/1] (0.00ns)   --->   "%crystals_1_4_read_1 = call i16 @_ssdm_op_Read.ap_auto.i16(i16 %crystals_1_4_read)"   --->   Operation 20 'read' 'crystals_1_4_read_1' <Predicate = true> <Delay = 0.00>
ST_1 : Operation 21 [1/1] (0.00ns)   --->   "%crystals_1_3_read_1 = call i16 @_ssdm_op_Read.ap_auto.i16(i16 %crystals_1_3_read)"   --->   Operation 21 'read' 'crystals_1_3_read_1' <Predicate = true> <Delay = 0.00>
ST_1 : Operation 22 [1/1] (0.00ns)   --->   "%crystals_1_2_read_1 = call i16 @_ssdm_op_Read.ap_auto.i16(i16 %crystals_1_2_read)"   --->   Operation 22 'read' 'crystals_1_2_read_1' <Predicate = true> <Delay = 0.00>
ST_1 : Operation 23 [1/1] (0.00ns)   --->   "%crystals_1_1_read_1 = call i16 @_ssdm_op_Read.ap_auto.i16(i16 %crystals_1_1_read)"   --->   Operation 23 'read' 'crystals_1_1_read_1' <Predicate = true> <Delay = 0.00>
ST_1 : Operation 24 [1/1] (0.00ns)   --->   "%crystals_1_0_read_1 = call i16 @_ssdm_op_Read.ap_auto.i16(i16 %crystals_1_0_read)"   --->   Operation 24 'read' 'crystals_1_0_read_1' <Predicate = true> <Delay = 0.00>
ST_1 : Operation 25 [1/1] (0.00ns)   --->   "%crystals_0_4_read_1 = call i16 @_ssdm_op_Read.ap_auto.i16(i16 %crystals_0_4_read)"   --->   Operation 25 'read' 'crystals_0_4_read_1' <Predicate = true> <Delay = 0.00>
ST_1 : Operation 26 [1/1] (0.00ns)   --->   "%crystals_0_3_read_1 = call i16 @_ssdm_op_Read.ap_auto.i16(i16 %crystals_0_3_read)"   --->   Operation 26 'read' 'crystals_0_3_read_1' <Predicate = true> <Delay = 0.00>
ST_1 : Operation 27 [1/1] (0.00ns)   --->   "%crystals_0_2_read_1 = call i16 @_ssdm_op_Read.ap_auto.i16(i16 %crystals_0_2_read)"   --->   Operation 27 'read' 'crystals_0_2_read_1' <Predicate = true> <Delay = 0.00>
ST_1 : Operation 28 [1/1] (0.00ns)   --->   "%crystals_0_1_read_1 = call i16 @_ssdm_op_Read.ap_auto.i16(i16 %crystals_0_1_read)"   --->   Operation 28 'read' 'crystals_0_1_read_1' <Predicate = true> <Delay = 0.00>
ST_1 : Operation 29 [1/1] (0.00ns)   --->   "%crystals_0_0_read_1 = call i16 @_ssdm_op_Read.ap_auto.i16(i16 %crystals_0_0_read)"   --->   Operation 29 'read' 'crystals_0_0_read_1' <Predicate = true> <Delay = 0.00>
ST_1 : Operation 30 [1/1] (0.00ns) (grouped into TernaryAdder)   --->   "%tmp = add i16 %crystals_2_0_read_1, %crystals_3_0_read_1" [src/ClusterFinder.cc:1460]   --->   Operation 30 'add' 'tmp' <Predicate = true> <Delay = 0.00> <Core = "TAddSub">   --->   Core 80 'TAddSub' <Latency = 0> <II = 1> <Delay = 1.02> <IPBlock> <Opcode : 'add' 'sub'> <InPorts = 3> <OutPorts = 1> <Sync> <CReg>
ST_1 : Operation 31 [1/1] (0.00ns) (grouped into TernaryAdder)   --->   "%tmp5 = add i16 %crystals_1_0_read_1, %crystals_4_0_read_1" [src/ClusterFinder.cc:1460]   --->   Operation 31 'add' 'tmp5' <Predicate = true> <Delay = 0.00> <Core = "TAddSub">   --->   Core 80 'TAddSub' <Latency = 0> <II = 1> <Delay = 1.02> <IPBlock> <Opcode : 'add' 'sub'> <InPorts = 3> <OutPorts = 1> <Sync> <CReg>
ST_1 : Operation 32 [1/1] (2.04ns) (root node of TernaryAdder)   --->   "%tmp6 = add i16 %tmp5, %crystals_0_0_read_1" [src/ClusterFinder.cc:1460]   --->   Operation 32 'add' 'tmp6' <Predicate = true> <Delay = 2.04> <Core = "TAddSub">   --->   Core 80 'TAddSub' <Latency = 0> <II = 1> <Delay = 1.02> <IPBlock> <Opcode : 'add' 'sub'> <InPorts = 3> <OutPorts = 1> <Sync> <CReg>
ST_1 : Operation 33 [1/1] (2.04ns) (root node of TernaryAdder)   --->   "%phiStripSum_0 = add i16 %tmp6, %tmp" [src/ClusterFinder.cc:1460]   --->   Operation 33 'add' 'phiStripSum_0' <Predicate = true> <Delay = 2.04> <Core = "TAddSub">   --->   Core 80 'TAddSub' <Latency = 0> <II = 1> <Delay = 1.02> <IPBlock> <Opcode : 'add' 'sub'> <InPorts = 3> <OutPorts = 1> <Sync> <CReg>
ST_1 : Operation 34 [1/1] (0.00ns) (grouped into TernaryAdder)   --->   "%tmp7 = add i16 %crystals_2_1_read_1, %crystals_3_1_read_1" [src/ClusterFinder.cc:1460]   --->   Operation 34 'add' 'tmp7' <Predicate = true> <Delay = 0.00> <Core = "TAddSub">   --->   Core 80 'TAddSub' <Latency = 0> <II = 1> <Delay = 1.02> <IPBlock> <Opcode : 'add' 'sub'> <InPorts = 3> <OutPorts = 1> <Sync> <CReg>
ST_1 : Operation 35 [1/1] (0.00ns) (grouped into TernaryAdder)   --->   "%tmp8 = add i16 %crystals_1_1_read_1, %crystals_4_1_read_1" [src/ClusterFinder.cc:1460]   --->   Operation 35 'add' 'tmp8' <Predicate = true> <Delay = 0.00> <Core = "TAddSub">   --->   Core 80 'TAddSub' <Latency = 0> <II = 1> <Delay = 1.02> <IPBlock> <Opcode : 'add' 'sub'> <InPorts = 3> <OutPorts = 1> <Sync> <CReg>
ST_1 : Operation 36 [1/1] (2.04ns) (root node of TernaryAdder)   --->   "%tmp9 = add i16 %tmp8, %crystals_0_1_read_1" [src/ClusterFinder.cc:1460]   --->   Operation 36 'add' 'tmp9' <Predicate = true> <Delay = 2.04> <Core = "TAddSub">   --->   Core 80 'TAddSub' <Latency = 0> <II = 1> <Delay = 1.02> <IPBlock> <Opcode : 'add' 'sub'> <InPorts = 3> <OutPorts = 1> <Sync> <CReg>
ST_1 : Operation 37 [1/1] (2.04ns) (root node of TernaryAdder)   --->   "%phiStripSum_1 = add i16 %tmp9, %tmp7" [src/ClusterFinder.cc:1460]   --->   Operation 37 'add' 'phiStripSum_1' <Predicate = true> <Delay = 2.04> <Core = "TAddSub">   --->   Core 80 'TAddSub' <Latency = 0> <II = 1> <Delay = 1.02> <IPBlock> <Opcode : 'add' 'sub'> <InPorts = 3> <OutPorts = 1> <Sync> <CReg>
ST_1 : Operation 38 [1/1] (0.00ns) (grouped into TernaryAdder)   --->   "%tmp10 = add i16 %crystals_2_2_read_1, %crystals_3_2_read_1" [src/ClusterFinder.cc:1460]   --->   Operation 38 'add' 'tmp10' <Predicate = true> <Delay = 0.00> <Core = "TAddSub">   --->   Core 80 'TAddSub' <Latency = 0> <II = 1> <Delay = 1.02> <IPBlock> <Opcode : 'add' 'sub'> <InPorts = 3> <OutPorts = 1> <Sync> <CReg>
ST_1 : Operation 39 [1/1] (0.00ns) (grouped into TernaryAdder)   --->   "%tmp11 = add i16 %crystals_1_2_read_1, %crystals_4_2_read_1" [src/ClusterFinder.cc:1460]   --->   Operation 39 'add' 'tmp11' <Predicate = true> <Delay = 0.00> <Core = "TAddSub">   --->   Core 80 'TAddSub' <Latency = 0> <II = 1> <Delay = 1.02> <IPBlock> <Opcode : 'add' 'sub'> <InPorts = 3> <OutPorts = 1> <Sync> <CReg>
ST_1 : Operation 40 [1/1] (2.04ns) (root node of TernaryAdder)   --->   "%tmp12 = add i16 %tmp11, %crystals_0_2_read_1" [src/ClusterFinder.cc:1460]   --->   Operation 40 'add' 'tmp12' <Predicate = true> <Delay = 2.04> <Core = "TAddSub">   --->   Core 80 'TAddSub' <Latency = 0> <II = 1> <Delay = 1.02> <IPBlock> <Opcode : 'add' 'sub'> <InPorts = 3> <OutPorts = 1> <Sync> <CReg>
ST_1 : Operation 41 [1/1] (2.04ns) (root node of TernaryAdder)   --->   "%phiStripSum_2 = add i16 %tmp12, %tmp10" [src/ClusterFinder.cc:1460]   --->   Operation 41 'add' 'phiStripSum_2' <Predicate = true> <Delay = 2.04> <Core = "TAddSub">   --->   Core 80 'TAddSub' <Latency = 0> <II = 1> <Delay = 1.02> <IPBlock> <Opcode : 'add' 'sub'> <InPorts = 3> <OutPorts = 1> <Sync> <CReg>
ST_1 : Operation 42 [1/1] (0.00ns) (grouped into TernaryAdder)   --->   "%tmp13 = add i16 %crystals_2_3_read_1, %crystals_3_3_read_1" [src/ClusterFinder.cc:1460]   --->   Operation 42 'add' 'tmp13' <Predicate = true> <Delay = 0.00> <Core = "TAddSub">   --->   Core 80 'TAddSub' <Latency = 0> <II = 1> <Delay = 1.02> <IPBlock> <Opcode : 'add' 'sub'> <InPorts = 3> <OutPorts = 1> <Sync> <CReg>
ST_1 : Operation 43 [1/1] (0.00ns) (grouped into TernaryAdder)   --->   "%tmp14 = add i16 %crystals_1_3_read_1, %crystals_4_3_read_1" [src/ClusterFinder.cc:1460]   --->   Operation 43 'add' 'tmp14' <Predicate = true> <Delay = 0.00> <Core = "TAddSub">   --->   Core 80 'TAddSub' <Latency = 0> <II = 1> <Delay = 1.02> <IPBlock> <Opcode : 'add' 'sub'> <InPorts = 3> <OutPorts = 1> <Sync> <CReg>
ST_1 : Operation 44 [1/1] (2.04ns) (root node of TernaryAdder)   --->   "%tmp15 = add i16 %tmp14, %crystals_0_3_read_1" [src/ClusterFinder.cc:1460]   --->   Operation 44 'add' 'tmp15' <Predicate = true> <Delay = 2.04> <Core = "TAddSub">   --->   Core 80 'TAddSub' <Latency = 0> <II = 1> <Delay = 1.02> <IPBlock> <Opcode : 'add' 'sub'> <InPorts = 3> <OutPorts = 1> <Sync> <CReg>
ST_1 : Operation 45 [1/1] (2.04ns) (root node of TernaryAdder)   --->   "%phiStripSum_3 = add i16 %tmp15, %tmp13" [src/ClusterFinder.cc:1460]   --->   Operation 45 'add' 'phiStripSum_3' <Predicate = true> <Delay = 2.04> <Core = "TAddSub">   --->   Core 80 'TAddSub' <Latency = 0> <II = 1> <Delay = 1.02> <IPBlock> <Opcode : 'add' 'sub'> <InPorts = 3> <OutPorts = 1> <Sync> <CReg>
ST_1 : Operation 46 [1/1] (0.00ns) (grouped into TernaryAdder)   --->   "%tmp16 = add i16 %crystals_2_4_read_1, %crystals_3_4_read_1" [src/ClusterFinder.cc:1460]   --->   Operation 46 'add' 'tmp16' <Predicate = true> <Delay = 0.00> <Core = "TAddSub">   --->   Core 80 'TAddSub' <Latency = 0> <II = 1> <Delay = 1.02> <IPBlock> <Opcode : 'add' 'sub'> <InPorts = 3> <OutPorts = 1> <Sync> <CReg>
ST_1 : Operation 47 [1/1] (0.00ns) (grouped into TernaryAdder)   --->   "%tmp17 = add i16 %crystals_1_4_read_1, %crystals_4_4_read_1" [src/ClusterFinder.cc:1460]   --->   Operation 47 'add' 'tmp17' <Predicate = true> <Delay = 0.00> <Core = "TAddSub">   --->   Core 80 'TAddSub' <Latency = 0> <II = 1> <Delay = 1.02> <IPBlock> <Opcode : 'add' 'sub'> <InPorts = 3> <OutPorts = 1> <Sync> <CReg>
ST_1 : Operation 48 [1/1] (2.04ns) (root node of TernaryAdder)   --->   "%tmp18 = add i16 %tmp17, %crystals_0_4_read_1" [src/ClusterFinder.cc:1460]   --->   Operation 48 'add' 'tmp18' <Predicate = true> <Delay = 2.04> <Core = "TAddSub">   --->   Core 80 'TAddSub' <Latency = 0> <II = 1> <Delay = 1.02> <IPBlock> <Opcode : 'add' 'sub'> <InPorts = 3> <OutPorts = 1> <Sync> <CReg>
ST_1 : Operation 49 [1/1] (2.04ns) (root node of TernaryAdder)   --->   "%phiStripSum_4 = add i16 %tmp18, %tmp16" [src/ClusterFinder.cc:1460]   --->   Operation 49 'add' 'phiStripSum_4' <Predicate = true> <Delay = 2.04> <Core = "TAddSub">   --->   Core 80 'TAddSub' <Latency = 0> <II = 1> <Delay = 1.02> <IPBlock> <Opcode : 'add' 'sub'> <InPorts = 3> <OutPorts = 1> <Sync> <CReg>
ST_1 : Operation 50 [1/1] (0.00ns) (grouped into TernaryAdder)   --->   "%tmp19 = add i16 %crystals_0_2_read_1, %crystals_0_3_read_1" [src/ClusterFinder.cc:1470]   --->   Operation 50 'add' 'tmp19' <Predicate = true> <Delay = 0.00> <Core = "TAddSub">   --->   Core 80 'TAddSub' <Latency = 0> <II = 1> <Delay = 1.02> <IPBlock> <Opcode : 'add' 'sub'> <InPorts = 3> <OutPorts = 1> <Sync> <CReg>
ST_1 : Operation 51 [1/1] (0.00ns) (grouped into TernaryAdder)   --->   "%tmp20 = add i16 %crystals_0_1_read_1, %crystals_0_4_read_1" [src/ClusterFinder.cc:1470]   --->   Operation 51 'add' 'tmp20' <Predicate = true> <Delay = 0.00> <Core = "TAddSub">   --->   Core 80 'TAddSub' <Latency = 0> <II = 1> <Delay = 1.02> <IPBlock> <Opcode : 'add' 'sub'> <InPorts = 3> <OutPorts = 1> <Sync> <CReg>
ST_1 : Operation 52 [1/1] (2.04ns) (root node of TernaryAdder)   --->   "%tmp21 = add i16 %tmp20, %crystals_0_0_read_1" [src/ClusterFinder.cc:1470]   --->   Operation 52 'add' 'tmp21' <Predicate = true> <Delay = 2.04> <Core = "TAddSub">   --->   Core 80 'TAddSub' <Latency = 0> <II = 1> <Delay = 1.02> <IPBlock> <Opcode : 'add' 'sub'> <InPorts = 3> <OutPorts = 1> <Sync> <CReg>
ST_1 : Operation 53 [1/1] (2.04ns) (root node of TernaryAdder)   --->   "%etaStripSum_0 = add i16 %tmp21, %tmp19" [src/ClusterFinder.cc:1470]   --->   Operation 53 'add' 'etaStripSum_0' <Predicate = true> <Delay = 2.04> <Core = "TAddSub">   --->   Core 80 'TAddSub' <Latency = 0> <II = 1> <Delay = 1.02> <IPBlock> <Opcode : 'add' 'sub'> <InPorts = 3> <OutPorts = 1> <Sync> <CReg>
ST_1 : Operation 54 [1/1] (0.00ns) (grouped into TernaryAdder)   --->   "%tmp22 = add i16 %crystals_1_2_read_1, %crystals_1_3_read_1" [src/ClusterFinder.cc:1470]   --->   Operation 54 'add' 'tmp22' <Predicate = true> <Delay = 0.00> <Core = "TAddSub">   --->   Core 80 'TAddSub' <Latency = 0> <II = 1> <Delay = 1.02> <IPBlock> <Opcode : 'add' 'sub'> <InPorts = 3> <OutPorts = 1> <Sync> <CReg>
ST_1 : Operation 55 [1/1] (0.00ns) (grouped into TernaryAdder)   --->   "%tmp23 = add i16 %crystals_1_1_read_1, %crystals_1_4_read_1" [src/ClusterFinder.cc:1470]   --->   Operation 55 'add' 'tmp23' <Predicate = true> <Delay = 0.00> <Core = "TAddSub">   --->   Core 80 'TAddSub' <Latency = 0> <II = 1> <Delay = 1.02> <IPBlock> <Opcode : 'add' 'sub'> <InPorts = 3> <OutPorts = 1> <Sync> <CReg>
ST_1 : Operation 56 [1/1] (2.04ns) (root node of TernaryAdder)   --->   "%tmp24 = add i16 %tmp23, %crystals_1_0_read_1" [src/ClusterFinder.cc:1470]   --->   Operation 56 'add' 'tmp24' <Predicate = true> <Delay = 2.04> <Core = "TAddSub">   --->   Core 80 'TAddSub' <Latency = 0> <II = 1> <Delay = 1.02> <IPBlock> <Opcode : 'add' 'sub'> <InPorts = 3> <OutPorts = 1> <Sync> <CReg>
ST_1 : Operation 57 [1/1] (2.04ns) (root node of TernaryAdder)   --->   "%etaStripSum_1 = add i16 %tmp24, %tmp22" [src/ClusterFinder.cc:1470]   --->   Operation 57 'add' 'etaStripSum_1' <Predicate = true> <Delay = 2.04> <Core = "TAddSub">   --->   Core 80 'TAddSub' <Latency = 0> <II = 1> <Delay = 1.02> <IPBlock> <Opcode : 'add' 'sub'> <InPorts = 3> <OutPorts = 1> <Sync> <CReg>
ST_1 : Operation 58 [1/1] (0.00ns) (grouped into TernaryAdder)   --->   "%tmp25 = add i16 %crystals_2_2_read_1, %crystals_2_3_read_1" [src/ClusterFinder.cc:1470]   --->   Operation 58 'add' 'tmp25' <Predicate = true> <Delay = 0.00> <Core = "TAddSub">   --->   Core 80 'TAddSub' <Latency = 0> <II = 1> <Delay = 1.02> <IPBlock> <Opcode : 'add' 'sub'> <InPorts = 3> <OutPorts = 1> <Sync> <CReg>
ST_1 : Operation 59 [1/1] (0.00ns) (grouped into TernaryAdder)   --->   "%tmp26 = add i16 %crystals_2_1_read_1, %crystals_2_4_read_1" [src/ClusterFinder.cc:1470]   --->   Operation 59 'add' 'tmp26' <Predicate = true> <Delay = 0.00> <Core = "TAddSub">   --->   Core 80 'TAddSub' <Latency = 0> <II = 1> <Delay = 1.02> <IPBlock> <Opcode : 'add' 'sub'> <InPorts = 3> <OutPorts = 1> <Sync> <CReg>
ST_1 : Operation 60 [1/1] (2.04ns) (root node of TernaryAdder)   --->   "%tmp27 = add i16 %tmp26, %crystals_2_0_read_1" [src/ClusterFinder.cc:1470]   --->   Operation 60 'add' 'tmp27' <Predicate = true> <Delay = 2.04> <Core = "TAddSub">   --->   Core 80 'TAddSub' <Latency = 0> <II = 1> <Delay = 1.02> <IPBlock> <Opcode : 'add' 'sub'> <InPorts = 3> <OutPorts = 1> <Sync> <CReg>
ST_1 : Operation 61 [1/1] (2.04ns) (root node of TernaryAdder)   --->   "%etaStripSum_2 = add i16 %tmp27, %tmp25" [src/ClusterFinder.cc:1470]   --->   Operation 61 'add' 'etaStripSum_2' <Predicate = true> <Delay = 2.04> <Core = "TAddSub">   --->   Core 80 'TAddSub' <Latency = 0> <II = 1> <Delay = 1.02> <IPBlock> <Opcode : 'add' 'sub'> <InPorts = 3> <OutPorts = 1> <Sync> <CReg>
ST_1 : Operation 62 [1/1] (0.00ns) (grouped into TernaryAdder)   --->   "%tmp28 = add i16 %crystals_3_2_read_1, %crystals_3_3_read_1" [src/ClusterFinder.cc:1470]   --->   Operation 62 'add' 'tmp28' <Predicate = true> <Delay = 0.00> <Core = "TAddSub">   --->   Core 80 'TAddSub' <Latency = 0> <II = 1> <Delay = 1.02> <IPBlock> <Opcode : 'add' 'sub'> <InPorts = 3> <OutPorts = 1> <Sync> <CReg>
ST_1 : Operation 63 [1/1] (0.00ns) (grouped into TernaryAdder)   --->   "%tmp29 = add i16 %crystals_3_1_read_1, %crystals_3_4_read_1" [src/ClusterFinder.cc:1470]   --->   Operation 63 'add' 'tmp29' <Predicate = true> <Delay = 0.00> <Core = "TAddSub">   --->   Core 80 'TAddSub' <Latency = 0> <II = 1> <Delay = 1.02> <IPBlock> <Opcode : 'add' 'sub'> <InPorts = 3> <OutPorts = 1> <Sync> <CReg>
ST_1 : Operation 64 [1/1] (2.04ns) (root node of TernaryAdder)   --->   "%tmp30 = add i16 %tmp29, %crystals_3_0_read_1" [src/ClusterFinder.cc:1470]   --->   Operation 64 'add' 'tmp30' <Predicate = true> <Delay = 2.04> <Core = "TAddSub">   --->   Core 80 'TAddSub' <Latency = 0> <II = 1> <Delay = 1.02> <IPBlock> <Opcode : 'add' 'sub'> <InPorts = 3> <OutPorts = 1> <Sync> <CReg>
ST_1 : Operation 65 [1/1] (2.04ns) (root node of TernaryAdder)   --->   "%etaStripSum_3 = add i16 %tmp30, %tmp28" [src/ClusterFinder.cc:1470]   --->   Operation 65 'add' 'etaStripSum_3' <Predicate = true> <Delay = 2.04> <Core = "TAddSub">   --->   Core 80 'TAddSub' <Latency = 0> <II = 1> <Delay = 1.02> <IPBlock> <Opcode : 'add' 'sub'> <InPorts = 3> <OutPorts = 1> <Sync> <CReg>
ST_1 : Operation 66 [1/1] (0.00ns) (grouped into TernaryAdder)   --->   "%tmp31 = add i16 %crystals_4_2_read_1, %crystals_4_3_read_1" [src/ClusterFinder.cc:1470]   --->   Operation 66 'add' 'tmp31' <Predicate = true> <Delay = 0.00> <Core = "TAddSub">   --->   Core 80 'TAddSub' <Latency = 0> <II = 1> <Delay = 1.02> <IPBlock> <Opcode : 'add' 'sub'> <InPorts = 3> <OutPorts = 1> <Sync> <CReg>
ST_1 : Operation 67 [1/1] (0.00ns) (grouped into TernaryAdder)   --->   "%tmp32 = add i16 %crystals_4_1_read_1, %crystals_4_4_read_1" [src/ClusterFinder.cc:1470]   --->   Operation 67 'add' 'tmp32' <Predicate = true> <Delay = 0.00> <Core = "TAddSub">   --->   Core 80 'TAddSub' <Latency = 0> <II = 1> <Delay = 1.02> <IPBlock> <Opcode : 'add' 'sub'> <InPorts = 3> <OutPorts = 1> <Sync> <CReg>
ST_1 : Operation 68 [1/1] (2.04ns) (root node of TernaryAdder)   --->   "%tmp33 = add i16 %tmp32, %crystals_4_0_read_1" [src/ClusterFinder.cc:1470]   --->   Operation 68 'add' 'tmp33' <Predicate = true> <Delay = 2.04> <Core = "TAddSub">   --->   Core 80 'TAddSub' <Latency = 0> <II = 1> <Delay = 1.02> <IPBlock> <Opcode : 'add' 'sub'> <InPorts = 3> <OutPorts = 1> <Sync> <CReg>
ST_1 : Operation 69 [1/1] (2.04ns) (root node of TernaryAdder)   --->   "%etaStripSum_4 = add i16 %tmp33, %tmp31" [src/ClusterFinder.cc:1470]   --->   Operation 69 'add' 'etaStripSum_4' <Predicate = true> <Delay = 2.04> <Core = "TAddSub">   --->   Core 80 'TAddSub' <Latency = 0> <II = 1> <Delay = 1.02> <IPBlock> <Opcode : 'add' 'sub'> <InPorts = 3> <OutPorts = 1> <Sync> <CReg>

State 2 <SV = 1> <Delay = 4.08>
ST_2 : Operation 70 [1/1] (0.00ns) (grouped into TernaryAdder)   --->   "%tmp34 = add i16 %phiStripSum_2, %phiStripSum_3" [src/ClusterFinder.cc:1477]   --->   Operation 70 'add' 'tmp34' <Predicate = true> <Delay = 0.00> <Core = "TAddSub">   --->   Core 80 'TAddSub' <Latency = 0> <II = 1> <Delay = 1.02> <IPBlock> <Opcode : 'add' 'sub'> <InPorts = 3> <OutPorts = 1> <Sync> <CReg>
ST_2 : Operation 71 [1/1] (0.00ns) (grouped into TernaryAdder)   --->   "%tmp35 = add i16 %phiStripSum_0, %phiStripSum_4" [src/ClusterFinder.cc:1477]   --->   Operation 71 'add' 'tmp35' <Predicate = true> <Delay = 0.00> <Core = "TAddSub">   --->   Core 80 'TAddSub' <Latency = 0> <II = 1> <Delay = 1.02> <IPBlock> <Opcode : 'add' 'sub'> <InPorts = 3> <OutPorts = 1> <Sync> <CReg>
ST_2 : Operation 72 [1/1] (2.04ns) (root node of TernaryAdder)   --->   "%tmp36 = add i16 %tmp35, %phiStripSum_1" [src/ClusterFinder.cc:1477]   --->   Operation 72 'add' 'tmp36' <Predicate = true> <Delay = 2.04> <Core = "TAddSub">   --->   Core 80 'TAddSub' <Latency = 0> <II = 1> <Delay = 1.02> <IPBlock> <Opcode : 'add' 'sub'> <InPorts = 3> <OutPorts = 1> <Sync> <CReg>
ST_2 : Operation 73 [1/1] (2.04ns) (root node of TernaryAdder)   --->   "%tmp_43_4 = add i16 %tmp36, %tmp34" [src/ClusterFinder.cc:1477]   --->   Operation 73 'add' 'tmp_43_4' <Predicate = true> <Delay = 2.04> <Core = "TAddSub">   --->   Core 80 'TAddSub' <Latency = 0> <II = 1> <Delay = 1.02> <IPBlock> <Opcode : 'add' 'sub'> <InPorts = 3> <OutPorts = 1> <Sync> <CReg>

State 3 <SV = 2> <Delay = 6.12>
ST_3 : Operation 74 [2/2] (6.12ns)   --->   "%tmp_s = call fastcc i3 @getPeakBinOf5(i16 %etaStripSum_0, i16 %etaStripSum_1, i16 %etaStripSum_2, i16 %etaStripSum_3, i16 %etaStripSum_4, i16 %tmp_43_4)" [src/ClusterFinder.cc:1479]   --->   Operation 74 'call' 'tmp_s' <Predicate = true> <Delay = 6.12> <CoreType = "Generic">   --->   Core 0 '' <Latency = 0> <II = 1> <Delay = 1.00> <Generic> <Opcode : >
ST_3 : Operation 75 [2/2] (6.12ns)   --->   "%peakPhi_write_assign = call fastcc i3 @getPeakBinOf5(i16 %phiStripSum_0, i16 %phiStripSum_1, i16 %phiStripSum_2, i16 %phiStripSum_3, i16 %phiStripSum_4, i16 %tmp_43_4)" [src/ClusterFinder.cc:1480]   --->   Operation 75 'call' 'peakPhi_write_assign' <Predicate = true> <Delay = 6.12> <CoreType = "Generic">   --->   Core 0 '' <Latency = 0> <II = 1> <Delay = 1.00> <Generic> <Opcode : >

State 4 <SV = 3> <Delay = 5.50>
ST_4 : Operation 76 [1/1] (0.00ns)   --->   "call void (...)* @_ssdm_op_SpecPipeline(i32 1, i32 1, i32 1, i32 0, [1 x i8]* @p_str1) nounwind" [src/ClusterFinder.cc:1451]   --->   Operation 76 'specpipeline' <Predicate = true> <Delay = 0.00>
ST_4 : Operation 77 [1/2] (3.53ns)   --->   "%tmp_s = call fastcc i3 @getPeakBinOf5(i16 %etaStripSum_0, i16 %etaStripSum_1, i16 %etaStripSum_2, i16 %etaStripSum_3, i16 %etaStripSum_4, i16 %tmp_43_4)" [src/ClusterFinder.cc:1479]   --->   Operation 77 'call' 'tmp_s' <Predicate = true> <Delay = 3.53> <CoreType = "Generic">   --->   Core 0 '' <Latency = 0> <II = 1> <Delay = 1.00> <Generic> <Opcode : >
ST_4 : Operation 78 [1/2] (3.53ns)   --->   "%peakPhi_write_assign = call fastcc i3 @getPeakBinOf5(i16 %phiStripSum_0, i16 %phiStripSum_1, i16 %phiStripSum_2, i16 %phiStripSum_3, i16 %phiStripSum_4, i16 %tmp_43_4)" [src/ClusterFinder.cc:1480]   --->   Operation 78 'call' 'peakPhi_write_assign' <Predicate = true> <Delay = 3.53> <CoreType = "Generic">   --->   Core 0 '' <Latency = 0> <II = 1> <Delay = 1.00> <Generic> <Opcode : >
ST_4 : Operation 79 [1/1] (0.93ns)   --->   "%eta_3_0_t = add i3 %tmp_s, -1" [src/ClusterFinder.cc:1479]   --->   Operation 79 'add' 'eta_3_0_t' <Predicate = true> <Delay = 0.93> <Core = "AddSub">   --->   Core 14 'AddSub' <Latency = 0> <II = 1> <Delay = 0.93> <FuncUnit> <Opcode : 'add' 'sub'> <InPorts = 2> <OutPorts = 1>
ST_4 : Operation 80 [1/1] (1.04ns)   --->   "%empty = call i16 @_ssdm_op_Mux.ap_auto.5i16.i3(i16 %etaStripSum_0, i16 %etaStripSum_1, i16 %etaStripSum_2, i16 %etaStripSum_3, i16 %etaStripSum_4, i3 %eta_3_0_t)" [src/ClusterFinder.cc:1470]   --->   Operation 80 'mux' 'empty' <Predicate = true> <Delay = 1.04> <Core = "MuxnS">   --->   Core 31 'MuxnS' <Latency = 0> <II = 1> <Delay = 1.04> <FuncUnit> <Opcode : 'mux'> <InPorts = 2> <OutPorts = 1>
ST_4 : Operation 81 [1/1] (1.04ns)   --->   "%empty_9 = call i16 @_ssdm_op_Mux.ap_auto.5i16.i3(i16 %etaStripSum_0, i16 %etaStripSum_1, i16 %etaStripSum_2, i16 %etaStripSum_3, i16 %etaStripSum_4, i3 %tmp_s)" [src/ClusterFinder.cc:1470]   --->   Operation 81 'mux' 'empty_9' <Predicate = true> <Delay = 1.04> <Core = "MuxnS">   --->   Core 31 'MuxnS' <Latency = 0> <II = 1> <Delay = 1.04> <FuncUnit> <Opcode : 'mux'> <InPorts = 2> <OutPorts = 1>
ST_4 : Operation 82 [1/1] (0.00ns)   --->   "ret void"   --->   Operation 82 'ret' <Predicate = true> <Delay = 0.00>


============================================================
+ Verbose Summary: Timing violations
============================================================
Target clock period: 8.33ns, clock uncertainty: 1.04ns.

 <State 1>: 4.08ns
The critical path consists of the following:
	wire read on port 'crystals_4_4_read' [26]  (0 ns)
	'add' operation ('tmp32', src/ClusterFinder.cc:1470) [89]  (0 ns)
	'add' operation ('tmp33', src/ClusterFinder.cc:1470) [90]  (2.04 ns)
	'add' operation ('etaStripSum[4]', src/ClusterFinder.cc:1470) [91]  (2.04 ns)

 <State 2>: 4.08ns
The critical path consists of the following:
	'add' operation ('tmp35', src/ClusterFinder.cc:1477) [93]  (0 ns)
	'add' operation ('tmp36', src/ClusterFinder.cc:1477) [94]  (2.04 ns)
	'add' operation ('tmp_43_4', src/ClusterFinder.cc:1477) [95]  (2.04 ns)

 <State 3>: 6.12ns
The critical path consists of the following:
	'call' operation ('tmp_s', src/ClusterFinder.cc:1479) to 'getPeakBinOf5' [96]  (6.12 ns)

 <State 4>: 5.51ns
The critical path consists of the following:
	'call' operation ('tmp_s', src/ClusterFinder.cc:1479) to 'getPeakBinOf5' [96]  (3.53 ns)
	'add' operation ('eta_3_0_t', src/ClusterFinder.cc:1479) [98]  (0.931 ns)
	'mux' operation ('empty', src/ClusterFinder.cc:1470) [99]  (1.04 ns)


============================================================
+ Verbose Summary: Binding
============================================================
N/A
* FSMD analyzer results:
  - Output states:
 - Input state : 
  - Chain level:
	State 1
	State 2
	State 3
	State 4


============================================================
+ Verbose Summary: Datapath Resource usage 
============================================================
N/A
